## ДЗ 3

1. Подключаемся к виртуальной машине в YandexCloud
   ``` bash
   roman@Romans-MacBook-Pro .ssh % yc compute instances list
   +----------------------+---------+---------------+---------+-----------------+--------------+
   |          ID          |  NAME   |    ZONE ID    | STATUS  |   EXTERNAL IP   | INTERNAL IP  |
   +----------------------+---------+---------------+---------+-----------------+--------------+
   | fhm61881b73rirqk34ep | otus-vm | ru-central1-a | RUNNING | 158.160.121.180 | 192.168.0.17 |
   +----------------------+---------+---------------+---------+-----------------+--------------+
   ```
2. Устанавливаем PostgreSQL 15
   ```bash
   yc-user@otus-vm:~$  sudo -u postgres pg_lsclusters
   Ver Cluster Port Status Owner    Data directory              Log file
   15  main    5432 online postgres /var/lib/postgresql/15/main /var/log/postgresql/postgresql-15-main.log
   ```
3. Под пользователем postgres создаем таблицу и записываем туда значение
   ```bash
   postgres=# create table test(c1 text);
   CREATE TABLE
   postgres=# insert into test values('1');
   INSERT 0 1
   ```
   Останавливаем кластер 
   ```bash
   systemctl postgresql@15-main
   ```
4. Создаем новый диск на 10ГБ, монтируем его в ВМ и перезапускаем ее. Проверяем, что диск смонтирован
   ```bash
   yc-user@otus-vm:~$ sudo fdisk -l
   Disk /dev/vda: 15 GiB, 16106127360 bytes, 31457280 sectors
   Units: sectors of 1 * 512 = 512 bytes
   Sector size (logical/physical): 512 bytes / 4096 bytes
   I/O size (minimum/optimal): 4096 bytes / 4096 bytes
   Disklabel type: gpt
   Disk identifier: 25637092-3FEB-41CF-A2BB-20E068C29F21
   
   Device     Start      End  Sectors Size Type
   /dev/vda1   2048     4095     2048   1M BIOS boot
   /dev/vda2   4096 31457246 31453151  15G Linux filesystem
   
   
   Disk /dev/vdb: 10 GiB, 10737418240 bytes, 20971520 sectors
   Units: sectors of 1 * 512 = 512 bytes
   Sector size (logical/physical): 512 bytes / 4096 bytes
   I/O size (minimum/optimal): 4096 bytes / 4096 bytes
   Disklabel type: dos
   Disk identifier: 0x661169b0
   
   Device     Boot Start      End  Sectors Size Id Type
   /dev/vdb1        2048 20971519 20969472  10G 83 Linux
   ```
5. Делаем пользователя postgres владельцем /mnt/vdb1 и переносим туда содержимое /var/lib/postgres/15
   ```bash
   yc-user@otus-vm:~$ sudo chown -R postgres:postgres /mnt/vdb1/
   yc-user@otus-vm:~$ sudo mv /var/lib/postgresql/15 /mnt/vdb1/
   ```
6. Пытаемся запустить кластер
   ```bash
   postgres@otus-vm:/home/yc-user$ pg_ctlcluster 15 main start
   Error: /var/lib/postgresql/15/main is not accessible or does not exist
   ```
   Запустить не получается, потому что по этому пути нет данных БД. Все данные мы скопировали в другое место
7. Чтобы изменить директорию данных postgres заходим в /etc/postgresql/15/main и меняем в файле postgresql.conf data_directory на '/mnt/vdb1/15/main' 
8. Запускаем обратно кластер и проверяем наличие раннее созданных данных. Кластер запустился, потому что мы правильно изменили папку, где находятся его данные в файле конфигурации
   ```bash
   yc-user@otus-vm:/etc/postgresql/15/main$ sudo -u postgres pg_ctlcluster 15 main start
   Warning: the cluster will not be running as a systemd service. Consider using systemctl:
   sudo systemctl start postgresql@15-main
   yc-user@otus-vm:/etc/postgresql/15/main$ pg_lsclusters
   Ver Cluster Port Status Owner    Data directory    Log file
   15  main    5432 online postgres /mnt/vdb1/15/main /var/log/postgresql/postgresql-15-main.log
   ```
   ```bash
   postgres=# select * from test;
   c1
   ----
   1
   (1 row)
   ```